# serializer version: 1
# name: test_device_info
  DeviceRegistryEntrySnapshot({
    'area_id': None,
    'config_entries': <ANY>,
    'configuration_url': None,
    'connections': set({
    }),
    'disabled_by': None,
    'entry_type': <DeviceEntryType.SERVICE: 'service'>,
    'hw_version': None,
    'id': <ANY>,
    'identifiers': set({
      tuple(
        'mealie',
        '01J0BC4QM2YBRP6H5G933CETT7',
      ),
    }),
    'is_new': False,
    'labels': set({
    }),
    'manufacturer': None,
    'model': None,
    'name': 'Mealie',
    'name_by_user': None,
    'serial_number': None,
    'suggested_area': None,
    'sw_version': None,
    'via_device_id': None,
  })
# ---
