# serializer version: 1
# name: test_setup
  StateSnapshot({
    'attributes': ReadOnlyDict({
      'device_class': 'data_rate',
      'friendly_name': 'pyload Speed',
      'unit_of_measurement': <UnitOfDataRate.MEGABYTES_PER_SECOND: 'MB/s'>,
    }),
    'context': <ANY>,
    'entity_id': 'sensor.pyload_speed',
    'last_changed': <ANY>,
    'last_reported': <ANY>,
    'last_updated': <ANY>,
    'state': '5.405963',
  })
# ---
